

Filename: 
�Ʀ�3@�~�i@۠�ا,V��t�`I�Y{..md
Time: 2018-05-14T10:31:11.328Z
Couldn't get a file descriptor referring to the console


Filename: b:�><mM�X��b�)����
7Ӊ�O�ύ��)..md
Time: 2018-05-14T11:15:08.691Z
Couldn't get a file descriptor referring to the console


Filename: hexDigest-1002018-05-14T11:18:40.192Z.md
Time: 2018-05-14T11:18:40.192Z
Couldn't get a file descriptor referring to the console


Filename: hexDigest-1002018-05-14T11:18:40.214Z.md
Time: 2018-05-14T11:18:40.214Z
Couldn't get a file descriptor referring to the console


Filename: hexDigest-1002018-05-14T11:19:44.637Z.md
Time: 2018-05-14T11:19:44.637Z
Couldn't get a file descriptor referring to the console
